// Jest Snapshot v1, https://goo.gl/fbAQLP

exports[`<Day /> should display a Day 1`] = `
{
  "asFragment": [Function],
  "baseElement": <body>
    <div>
      <div
        id="Vendredi"
        style="display: block;"
      >
        Vendredi
        <div
          class="TimeBlockEven MuiBox-root css-0"
        />
        <div
          class="TimeBlockOdd MuiBox-root css-0"
        />
        <div
          class="TimeBlockEven MuiBox-root css-0"
        />
        <div
          class="TimeBlockOdd MuiBox-root css-0"
        />
        <div
          class="TimeBlockEven MuiBox-root css-0"
        />
        <div
          class="TimeBlockOdd MuiBox-root css-0"
        />
        <div
          class="TimeBlockEven MuiBox-root css-0"
        />
        <div
          class="TimeBlockOdd MuiBox-root css-0"
        />
        <div
          class="TimeBlockEven MuiBox-root css-0"
        />
        <div
          class="TimeBlockOdd MuiBox-root css-0"
        />
        <div
          class="TimeBlockEven MuiBox-root css-0"
        />
        <div
          class="TimeBlockOdd MuiBox-root css-0"
        />
        <div
          class="TimeBlockEven MuiBox-root css-0"
        />
        <div
          class="TimeBlockOdd MuiBox-root css-0"
        />
        <div
          class="TimeBlockEven MuiBox-root css-0"
        />
        <div
          class="TimeBlockOdd MuiBox-root css-0"
        />
        <div
          class="TimeBlockEven MuiBox-root css-0"
        />
        <div
          class="TimeBlockOdd MuiBox-root css-0"
        />
        <div
          class="TimeBlockEven MuiBox-root css-0"
        />
        <div
          class="TimeBlockOdd MuiBox-root css-0"
        />
        <div
          class="TimeBlockEven MuiBox-root css-0"
        />
        <div
          class="TimeBlockOdd MuiBox-root css-0"
        />
        <div
          class="TimeBlockEven MuiBox-root css-0"
        />
        <div
          class="TimeBlockOdd MuiBox-root css-0"
        />
        <div
          class="MuiGrid-root MuiGrid-container css-1w462mg-MuiGrid-root"
        >
          <div
            class="MuiGrid-root MuiGrid-item MuiGrid-grid-xs-12 css-qkv3xk-MuiGrid-root"
          >
            <button
              class="MuiButtonBase-root MuiButton-root MuiButton-contained MuiButton-containedPrimary MuiButton-sizeMedium MuiButton-containedSizeMedium MuiButton-fullWidth MuiButton-root MuiButton-contained MuiButton-containedPrimary MuiButton-sizeMedium MuiButton-containedSizeMedium MuiButton-fullWidth css-1fu7jd5-MuiButtonBase-root-MuiButton-root"
              style="min-width: 1px; height: 20px; padding: 0px;"
              tabindex="0"
              type="button"
            >
              T
              <span
                class="MuiTouchRipple-root css-8je8zh-MuiTouchRipple-root"
              />
            </button>
          </div>
        </div>
      </div>
    </div>
  </body>,
  "container": <div>
    <div
      id="Vendredi"
      style="display: block;"
    >
      Vendredi
      <div
        class="TimeBlockEven MuiBox-root css-0"
      />
      <div
        class="TimeBlockOdd MuiBox-root css-0"
      />
      <div
        class="TimeBlockEven MuiBox-root css-0"
      />
      <div
        class="TimeBlockOdd MuiBox-root css-0"
      />
      <div
        class="TimeBlockEven MuiBox-root css-0"
      />
      <div
        class="TimeBlockOdd MuiBox-root css-0"
      />
      <div
        class="TimeBlockEven MuiBox-root css-0"
      />
      <div
        class="TimeBlockOdd MuiBox-root css-0"
      />
      <div
        class="TimeBlockEven MuiBox-root css-0"
      />
      <div
        class="TimeBlockOdd MuiBox-root css-0"
      />
      <div
        class="TimeBlockEven MuiBox-root css-0"
      />
      <div
        class="TimeBlockOdd MuiBox-root css-0"
      />
      <div
        class="TimeBlockEven MuiBox-root css-0"
      />
      <div
        class="TimeBlockOdd MuiBox-root css-0"
      />
      <div
        class="TimeBlockEven MuiBox-root css-0"
      />
      <div
        class="TimeBlockOdd MuiBox-root css-0"
      />
      <div
        class="TimeBlockEven MuiBox-root css-0"
      />
      <div
        class="TimeBlockOdd MuiBox-root css-0"
      />
      <div
        class="TimeBlockEven MuiBox-root css-0"
      />
      <div
        class="TimeBlockOdd MuiBox-root css-0"
      />
      <div
        class="TimeBlockEven MuiBox-root css-0"
      />
      <div
        class="TimeBlockOdd MuiBox-root css-0"
      />
      <div
        class="TimeBlockEven MuiBox-root css-0"
      />
      <div
        class="TimeBlockOdd MuiBox-root css-0"
      />
      <div
        class="MuiGrid-root MuiGrid-container css-1w462mg-MuiGrid-root"
      >
        <div
          class="MuiGrid-root MuiGrid-item MuiGrid-grid-xs-12 css-qkv3xk-MuiGrid-root"
        >
          <button
            class="MuiButtonBase-root MuiButton-root MuiButton-contained MuiButton-containedPrimary MuiButton-sizeMedium MuiButton-containedSizeMedium MuiButton-fullWidth MuiButton-root MuiButton-contained MuiButton-containedPrimary MuiButton-sizeMedium MuiButton-containedSizeMedium MuiButton-fullWidth css-1fu7jd5-MuiButtonBase-root-MuiButton-root"
            style="min-width: 1px; height: 20px; padding: 0px;"
            tabindex="0"
            type="button"
          >
            T
            <span
              class="MuiTouchRipple-root css-8je8zh-MuiTouchRipple-root"
            />
          </button>
        </div>
      </div>
    </div>
  </div>,
  "debug": [Function],
  "findAllByAltText": [Function],
  "findAllByDisplayValue": [Function],
  "findAllByLabelText": [Function],
  "findAllByPlaceholderText": [Function],
  "findAllByRole": [Function],
  "findAllByTestId": [Function],
  "findAllByText": [Function],
  "findAllByTitle": [Function],
  "findByAltText": [Function],
  "findByDisplayValue": [Function],
  "findByLabelText": [Function],
  "findByPlaceholderText": [Function],
  "findByRole": [Function],
  "findByTestId": [Function],
  "findByText": [Function],
  "findByTitle": [Function],
  "getAllByAltText": [Function],
  "getAllByDisplayValue": [Function],
  "getAllByLabelText": [Function],
  "getAllByPlaceholderText": [Function],
  "getAllByRole": [Function],
  "getAllByTestId": [Function],
  "getAllByText": [Function],
  "getAllByTitle": [Function],
  "getByAltText": [Function],
  "getByDisplayValue": [Function],
  "getByLabelText": [Function],
  "getByPlaceholderText": [Function],
  "getByRole": [Function],
  "getByTestId": [Function],
  "getByText": [Function],
  "getByTitle": [Function],
  "queryAllByAltText": [Function],
  "queryAllByDisplayValue": [Function],
  "queryAllByLabelText": [Function],
  "queryAllByPlaceholderText": [Function],
  "queryAllByRole": [Function],
  "queryAllByTestId": [Function],
  "queryAllByText": [Function],
  "queryAllByTitle": [Function],
  "queryByAltText": [Function],
  "queryByDisplayValue": [Function],
  "queryByLabelText": [Function],
  "queryByPlaceholderText": [Function],
  "queryByRole": [Function],
  "queryByTestId": [Function],
  "queryByText": [Function],
  "queryByTitle": [Function],
  "rerender": [Function],
  "unmount": [Function],
}
`;
