// Jest Snapshot v1, https://goo.gl/fbAQLP

exports[`Home page should render correctly without data 1`] = `
<DocumentFragment>
  <div
    class="MuiBox-root css-l6ct9h"
  >
    <div
      class="mui-image-wrapper "
      style="width: 100%; height: 100%; display: flex; justify-content: center; align-items: center; background-color: inherit; position: absolute; z-index: -1;"
    >
      <img
        alt=""
        class="mui-image-img  css-jlmoib"
        src="/static/img/header.png"
        style="position: relative; width: 100%; height: 100%; object-fit: cover; transition-property: top, opacity; transition-duration: 900ms, 450ms; transition-timing-function: ease-in; opacity: 0; top: 100px;"
      />
    </div>
    <div
      class="MuiContainer-root MuiContainer-maxWidthLg css-1csjap5-MuiContainer-root"
    >
      <h4
        class="MuiTypography-root MuiTypography-h4 css-1pfj0oh-MuiTypography-root"
      >
        Welcome to
      </h4>
      <h1
        class="MuiTypography-root MuiTypography-poster css-1be4yq0-MuiTypography-root"
      >
        Nantral Platform
      </h1>
    </div>
  </div>
  <div
    class="MuiContainer-root MuiContainer-maxWidthLg css-1f2kw6w-MuiContainer-root"
  >
    <div
      class="MuiSpeedDial-root MuiSpeedDial-directionUp css-1mv8y2l-MuiSpeedDial-root"
      role="presentation"
    >
      <button
        aria-controls="SpeedDial-actions"
        aria-expanded="false"
        aria-haspopup="true"
        aria-label="SpeedDial"
        class="MuiButtonBase-root MuiFab-root MuiFab-circular MuiFab-sizeLarge MuiFab-primary MuiFab-root MuiFab-circular MuiFab-sizeLarge MuiFab-primary MuiSpeedDial-fab css-1qnbyf7-MuiButtonBase-root-MuiFab-root-MuiSpeedDial-fab"
        style="transform: none; webkit-transition: transform 225ms cubic-bezier(0.4, 0, 0.2, 1) 0ms; transition: transform 225ms cubic-bezier(0.4, 0, 0.2, 1) 0ms;"
        tabindex="0"
        type="button"
      >
        <span
          class="MuiSpeedDialIcon-root css-ohncnb-MuiSpeedDialIcon-root"
        >
          <svg
            aria-hidden="true"
            class="MuiSvgIcon-root MuiSvgIcon-fontSizeMedium MuiSpeedDialIcon-icon css-i4bv87-MuiSvgIcon-root"
            data-testid="AddIcon"
            focusable="false"
            viewBox="0 0 24 24"
          >
            <path
              d="M19 13h-6v6h-2v-6H5v-2h6V5h2v6h6v2z"
            />
          </svg>
        </span>
        <span
          class="MuiTouchRipple-root css-8je8zh-MuiTouchRipple-root"
        />
      </button>
      <div
        aria-orientation="vertical"
        class="MuiSpeedDial-actions MuiSpeedDial-actionsClosed css-1s28u9o-MuiSpeedDial-actions"
        id="SpeedDial-actions"
        role="menu"
      >
        <span
          class="MuiSpeedDialAction-staticTooltip MuiSpeedDialAction-tooltipPlacementLeft MuiSpeedDialAction-staticTooltipClosed css-12w19fr-MuiSpeedDialAction-staticTooltip"
          id="SpeedDial-action-0"
        >
          <span
            class="MuiSpeedDialAction-staticTooltipLabel css-1b7vtjs-MuiSpeedDialAction-staticTooltipLabel"
            id="SpeedDial-action-0-label"
            style="transition-delay: 60ms;"
          >
            Event
          </span>
          <button
            aria-labelledby="SpeedDial-action-0-label"
            class="MuiButtonBase-root MuiFab-root MuiFab-circular MuiFab-sizeSmall MuiFab-default MuiFab-root MuiFab-circular MuiFab-sizeSmall MuiFab-default MuiSpeedDialAction-fab MuiSpeedDialAction-fabClosed css-rw3h6t-MuiButtonBase-root-MuiFab-root-MuiSpeedDialAction-fab"
            role="menuitem"
            style="transition-delay: 60ms;"
            tabindex="-1"
            type="button"
          >
            <svg
              aria-hidden="true"
              class="MuiSvgIcon-root MuiSvgIcon-fontSizeMedium css-i4bv87-MuiSvgIcon-root"
              data-testid="EventIcon"
              focusable="false"
              viewBox="0 0 24 24"
            >
              <path
                d="M17 12h-5v5h5zM16 1v2H8V1H6v2H5c-1.11 0-1.99.9-1.99 2L3 19c0 1.1.89 2 2 2h14c1.1 0 2-.9 2-2V5c0-1.1-.9-2-2-2h-1V1zm3 18H5V8h14z"
              />
            </svg>
            <span
              class="MuiTouchRipple-root css-8je8zh-MuiTouchRipple-root"
            />
          </button>
        </span>
        <span
          class="MuiSpeedDialAction-staticTooltip MuiSpeedDialAction-tooltipPlacementLeft MuiSpeedDialAction-staticTooltipClosed css-12w19fr-MuiSpeedDialAction-staticTooltip"
          id="SpeedDial-action-1"
        >
          <span
            class="MuiSpeedDialAction-staticTooltipLabel css-1b7vtjs-MuiSpeedDialAction-staticTooltipLabel"
            id="SpeedDial-action-1-label"
            style="transition-delay: 30ms;"
          >
            Post
          </span>
          <button
            aria-labelledby="SpeedDial-action-1-label"
            class="MuiButtonBase-root MuiFab-root MuiFab-circular MuiFab-sizeSmall MuiFab-default MuiFab-root MuiFab-circular MuiFab-sizeSmall MuiFab-default MuiSpeedDialAction-fab MuiSpeedDialAction-fabClosed css-rw3h6t-MuiButtonBase-root-MuiFab-root-MuiSpeedDialAction-fab"
            role="menuitem"
            style="transition-delay: 30ms;"
            tabindex="-1"
            type="button"
          >
            <svg
              aria-hidden="true"
              class="MuiSvgIcon-root MuiSvgIcon-fontSizeMedium css-i4bv87-MuiSvgIcon-root"
              data-testid="PostAddIcon"
              focusable="false"
              viewBox="0 0 24 24"
            >
              <path
                d="M17 19.22H5V7h7V5H5c-1.1 0-2 .9-2 2v12c0 1.1.9 2 2 2h12c1.1 0 2-.9 2-2v-7h-2z"
              />
              <path
                d="M19 2h-2v3h-3c.01.01 0 2 0 2h3v2.99c.01.01 2 0 2 0V7h3V5h-3zM7 9h8v2H7zm0 3v2h8v-2h-3zm0 3h8v2H7z"
              />
            </svg>
            <span
              class="MuiTouchRipple-root css-8je8zh-MuiTouchRipple-root"
            />
          </button>
        </span>
      </div>
    </div>
    <div
      class="MuiBox-root css-i3pbo"
    >
      <div
        class="MuiBox-root css-47fqa9"
      >
        <h2
          class="MuiTypography-root MuiTypography-h2 css-2raco3-MuiTypography-root"
        >
          Upcoming events
        </h2>
        <a
          class="MuiButtonBase-root MuiButton-root MuiButton-outlined MuiButton-outlinedSecondary MuiButton-sizeMedium MuiButton-outlinedSizeMedium MuiButton-disableElevation MuiButton-root MuiButton-outlined MuiButton-outlinedSecondary MuiButton-sizeMedium MuiButton-outlinedSizeMedium MuiButton-disableElevation css-lvx8jz-MuiButtonBase-root-MuiButton-root"
          href="/event"
          tabindex="0"
        >
          See all
          <span
            class="MuiButton-endIcon MuiButton-iconSizeMedium css-9tj150-MuiButton-endIcon"
          >
            <svg
              aria-hidden="true"
              class="MuiSvgIcon-root MuiSvgIcon-fontSizeMedium css-i4bv87-MuiSvgIcon-root"
              data-testid="ChevronRightIcon"
              focusable="false"
              viewBox="0 0 24 24"
            >
              <path
                d="M10 6 8.59 7.41 13.17 12l-4.58 4.59L10 18l6-6z"
              />
            </svg>
          </span>
          <span
            class="MuiTouchRipple-root css-8je8zh-MuiTouchRipple-root"
          />
        </a>
      </div>
      <p
        class="MuiTypography-root MuiTypography-body1 css-17s6y1p-MuiTypography-root"
      >
        No upcoming event...¬†ü•∫ Create a new one!
      </p>
    </div>
    <div
      class="MuiBox-root css-i3pbo"
    >
      <div
        class="MuiBox-root css-47fqa9"
      >
        <h2
          class="MuiTypography-root MuiTypography-h2 css-2raco3-MuiTypography-root"
        >
          Posts
        </h2>
      </div>
      <p
        class="MuiTypography-root MuiTypography-body1 css-17s6y1p-MuiTypography-root"
      >
        No post in the last few days...¬†ü•∫ Create a new one!
      </p>
    </div>
    <div
      class="MuiBox-root css-c7yo1x"
    />
    <div
      class="MuiBox-root css-i3pbo"
    >
      <div
        class="MuiBox-root css-47fqa9"
      >
        <h2
          class="MuiTypography-root MuiTypography-h2 css-2raco3-MuiTypography-root"
        >
          Do you like this site?
        </h2>
      </div>
      <ul>
        <li>
          Level 1 ‚≠êÔ∏è: 
          <a
            class="MuiTypography-root MuiTypography-inherit MuiLink-root MuiLink-underlineAlways css-18z7zy0-MuiTypography-root-MuiLink-root"
            href="https://play.google.com/store/apps/details?id=org.ecn_3cn.nantral_platform"
          >
            Give us 5 stars on the Play Store!
          </a>
        </li>
        <li>
          Level 2 ü•∞: 
          <a
            class="MuiTypography-root MuiTypography-inherit MuiLink-root MuiLink-underlineAlways css-18z7zy0-MuiTypography-root-MuiLink-root"
            href="https://github.com/3cn-ecn/nantralPlatform"
          >
            Give us a star on Github!
          </a>
        </li>
        <li>
          Level 3 üòç: 
          <a
            class="MuiTypography-root MuiTypography-inherit MuiLink-root MuiLink-underlineAlways css-18z7zy0-MuiTypography-root-MuiLink-root"
            href="/suggestions"
          >
            Suggest improvements
          </a>
        </li>
        <li>
          Level 4 ü§©: 
          <a
            class="MuiTypography-root MuiTypography-inherit MuiLink-root MuiLink-underlineAlways css-18z7zy0-MuiTypography-root-MuiLink-root"
            href="https://docs.nantral-platform.fr/"
          >
            Help to code!
          </a>
        </li>
      </ul>
    </div>
    <div
      class="MuiBox-root css-y5dq5f"
    />
  </div>
</DocumentFragment>
`;
