// Jest Snapshot v1, https://goo.gl/fbAQLP

exports[`<Day /> should display a Day 1`] = `
{
  "asFragment": [Function],
  "baseElement": <body>
    <div>
      <div
        class="blockDisplay"
        id="Friday, February 10"
      >
        <div
          class="dayData"
        >
          V
        </div>
        <div
          class="dayData"
        >
          10
        </div>
        <div
          class="timeBlockEven MuiBox-root css-0"
          data-testid="TimeBlockEvenTestId"
        />
        <div
          class="timeBlockOdd MuiBox-root css-0"
          data-testid="TimeBlockOddTestId"
        />
        <div
          class="timeBlockEven MuiBox-root css-0"
          data-testid="TimeBlockEvenTestId"
        />
        <div
          class="timeBlockOdd MuiBox-root css-0"
          data-testid="TimeBlockOddTestId"
        />
        <div
          class="timeBlockEven MuiBox-root css-0"
          data-testid="TimeBlockEvenTestId"
        />
        <div
          class="timeBlockOdd MuiBox-root css-0"
          data-testid="TimeBlockOddTestId"
        />
        <div
          class="timeBlockEven MuiBox-root css-0"
          data-testid="TimeBlockEvenTestId"
        />
        <div
          class="timeBlockOdd MuiBox-root css-0"
          data-testid="TimeBlockOddTestId"
        />
        <div
          class="timeBlockEven MuiBox-root css-0"
          data-testid="TimeBlockEvenTestId"
        />
        <div
          class="timeBlockOdd MuiBox-root css-0"
          data-testid="TimeBlockOddTestId"
        />
        <div
          class="timeBlockEven MuiBox-root css-0"
          data-testid="TimeBlockEvenTestId"
        />
        <div
          class="timeBlockOdd MuiBox-root css-0"
          data-testid="TimeBlockOddTestId"
        />
        <div
          class="timeBlockEven MuiBox-root css-0"
          data-testid="TimeBlockEvenTestId"
        />
        <div
          class="timeBlockOdd MuiBox-root css-0"
          data-testid="TimeBlockOddTestId"
        />
        <div
          class="timeBlockEven MuiBox-root css-0"
          data-testid="TimeBlockEvenTestId"
        />
        <div
          class="timeBlockOdd MuiBox-root css-0"
          data-testid="TimeBlockOddTestId"
        />
        <div
          class="timeBlockEven MuiBox-root css-0"
          data-testid="TimeBlockEvenTestId"
        />
        <div
          class="timeBlockOdd MuiBox-root css-0"
          data-testid="TimeBlockOddTestId"
        />
        <div
          class="timeBlockEven MuiBox-root css-0"
          data-testid="TimeBlockEvenTestId"
        />
        <div
          class="timeBlockOdd MuiBox-root css-0"
          data-testid="TimeBlockOddTestId"
        />
        <div
          class="timeBlockEven MuiBox-root css-0"
          data-testid="TimeBlockEvenTestId"
        />
        <div
          class="timeBlockOdd MuiBox-root css-0"
          data-testid="TimeBlockOddTestId"
        />
        <div
          class="timeBlockEven MuiBox-root css-0"
          data-testid="TimeBlockEvenTestId"
        />
        <div
          class="timeBlockOdd MuiBox-root css-0"
          data-testid="TimeBlockOddTestId"
        />
        <div
          class="MuiGrid-root MuiGrid-container css-11lq3yg-MuiGrid-root"
          data-testid="GlobalDayContainerFriday, February 10TestId"
        >
          <div
            class="MuiGrid-root MuiGrid-item MuiGrid-grid-xs-4 css-milk8-MuiGrid-root"
          >
            <button
              class="MuiButtonBase-root MuiButton-root MuiButton-contained MuiButton-containedPrimary MuiButton-sizeMedium MuiButton-containedSizeMedium MuiButton-fullWidth MuiButton-root MuiButton-contained MuiButton-containedPrimary MuiButton-sizeMedium MuiButton-containedSizeMedium MuiButton-fullWidth eventButton css-1fu7jd5-MuiButtonBase-root-MuiButton-root"
              style="min-width: 1px; height: 12.44rem; padding: 0px; background: url(null); background-size: cover; background-position: center; background-repeat: no-repeat; vertical-align: top; text-transform: none;"
              tabindex="0"
              type="button"
            >
              <div
                class="imageEventBlur"
              >
                <div
                  class="eventBlockTitleDisplay"
                >
                  The test event1
                </div>
              </div>
              <span
                class="MuiTouchRipple-root css-8je8zh-MuiTouchRipple-root"
              />
            </button>
          </div>
          <div
            class="MuiGrid-root MuiGrid-item MuiGrid-grid-xs-4 css-16tva17-MuiGrid-root"
          >
            <button
              class="MuiButtonBase-root MuiButton-root MuiButton-contained MuiButton-containedPrimary MuiButton-sizeMedium MuiButton-containedSizeMedium MuiButton-fullWidth MuiButton-root MuiButton-contained MuiButton-containedPrimary MuiButton-sizeMedium MuiButton-containedSizeMedium MuiButton-fullWidth eventButton css-1fu7jd5-MuiButtonBase-root-MuiButton-root"
              style="min-width: 1px; height: 11.559999999999999rem; padding: 0px; background: url(null); background-size: cover; background-position: center; background-repeat: no-repeat; vertical-align: top; text-transform: none;"
              tabindex="0"
              type="button"
            >
              <div
                class="imageEventBlur"
              >
                <div
                  class="eventBlockTitleDisplay"
                >
                  The test event2
                </div>
              </div>
              <span
                class="MuiTouchRipple-root css-8je8zh-MuiTouchRipple-root"
              />
            </button>
          </div>
          <div
            class="MuiGrid-root MuiGrid-item MuiGrid-grid-xs-4 css-milk8-MuiGrid-root"
          >
            <button
              class="MuiButtonBase-root MuiButton-root MuiButton-contained MuiButton-containedPrimary MuiButton-sizeMedium MuiButton-containedSizeMedium MuiButton-fullWidth MuiButton-root MuiButton-contained MuiButton-containedPrimary MuiButton-sizeMedium MuiButton-containedSizeMedium MuiButton-fullWidth eventButton css-1fu7jd5-MuiButtonBase-root-MuiButton-root"
              style="min-width: 1px; height: 17.88rem; padding: 0px; background: url(null); background-size: cover; background-position: center; background-repeat: no-repeat; vertical-align: top; text-transform: none;"
              tabindex="0"
              type="button"
            >
              <div
                class="imageEventBlur"
              >
                <div
                  class="eventBlockTitleDisplay"
                >
                  The test event3
                </div>
              </div>
              <span
                class="MuiTouchRipple-root css-8je8zh-MuiTouchRipple-root"
              />
            </button>
          </div>
        </div>
        <div
          class="MuiGrid-root MuiGrid-container css-11lq3yg-MuiGrid-root"
          data-testid="GlobalDayContainerFriday, February 10TestId"
        >
          <div
            class="MuiGrid-root MuiGrid-item MuiGrid-grid-xs-6 css-kv7o3g-MuiGrid-root"
          >
            <button
              class="MuiButtonBase-root MuiButton-root MuiButton-contained MuiButton-containedPrimary MuiButton-sizeMedium MuiButton-containedSizeMedium MuiButton-fullWidth MuiButton-root MuiButton-contained MuiButton-containedPrimary MuiButton-sizeMedium MuiButton-containedSizeMedium MuiButton-fullWidth eventButton css-1fu7jd5-MuiButtonBase-root-MuiButton-root"
              style="min-width: 1px; height: 12.78rem; padding: 0px; background: url(null); background-size: cover; background-position: center; background-repeat: no-repeat; vertical-align: top; text-transform: none;"
              tabindex="0"
              type="button"
            >
              <div
                class="imageEventBlur"
              >
                <div
                  class="eventBlockTitleDisplay"
                >
                  The test event4
                </div>
              </div>
              <span
                class="MuiTouchRipple-root css-8je8zh-MuiTouchRipple-root"
              />
            </button>
          </div>
          <div
            class="MuiGrid-root MuiGrid-item MuiGrid-grid-xs-2 css-h36ny6-MuiGrid-root"
          />
          <div
            class="MuiGrid-root MuiGrid-item MuiGrid-grid-xs-4 css-milk8-MuiGrid-root"
          />
        </div>
        <div
          class="MuiGrid-root MuiGrid-container css-11lq3yg-MuiGrid-root"
          data-testid="GlobalDayContainerFriday, February 10TestId"
        >
          <div
            class="MuiGrid-root MuiGrid-item MuiGrid-grid-xs-6 css-kv7o3g-MuiGrid-root"
          />
          <div
            class="MuiGrid-root MuiGrid-item MuiGrid-grid-xs-6 css-xnvskb-MuiGrid-root"
          >
            <button
              class="MuiButtonBase-root MuiButton-root MuiButton-contained MuiButton-containedPrimary MuiButton-sizeMedium MuiButton-containedSizeMedium MuiButton-fullWidth MuiButton-root MuiButton-contained MuiButton-containedPrimary MuiButton-sizeMedium MuiButton-containedSizeMedium MuiButton-fullWidth eventButton css-1fu7jd5-MuiButtonBase-root-MuiButton-root"
              style="min-width: 1px; height: 0.5rem; padding: 0px; background: url(null); background-size: cover; background-position: center; background-repeat: no-repeat; vertical-align: top; text-transform: none;"
              tabindex="0"
              type="button"
            >
              <div
                class="imageEventBlur"
              >
                <div
                  class="eventBlockTitleDisplay"
                />
              </div>
              <span
                class="MuiTouchRipple-root css-8je8zh-MuiTouchRipple-root"
              />
            </button>
          </div>
        </div>
      </div>
    </div>
  </body>,
  "container": <div>
    <div
      class="blockDisplay"
      id="Friday, February 10"
    >
      <div
        class="dayData"
      >
        V
      </div>
      <div
        class="dayData"
      >
        10
      </div>
      <div
        class="timeBlockEven MuiBox-root css-0"
        data-testid="TimeBlockEvenTestId"
      />
      <div
        class="timeBlockOdd MuiBox-root css-0"
        data-testid="TimeBlockOddTestId"
      />
      <div
        class="timeBlockEven MuiBox-root css-0"
        data-testid="TimeBlockEvenTestId"
      />
      <div
        class="timeBlockOdd MuiBox-root css-0"
        data-testid="TimeBlockOddTestId"
      />
      <div
        class="timeBlockEven MuiBox-root css-0"
        data-testid="TimeBlockEvenTestId"
      />
      <div
        class="timeBlockOdd MuiBox-root css-0"
        data-testid="TimeBlockOddTestId"
      />
      <div
        class="timeBlockEven MuiBox-root css-0"
        data-testid="TimeBlockEvenTestId"
      />
      <div
        class="timeBlockOdd MuiBox-root css-0"
        data-testid="TimeBlockOddTestId"
      />
      <div
        class="timeBlockEven MuiBox-root css-0"
        data-testid="TimeBlockEvenTestId"
      />
      <div
        class="timeBlockOdd MuiBox-root css-0"
        data-testid="TimeBlockOddTestId"
      />
      <div
        class="timeBlockEven MuiBox-root css-0"
        data-testid="TimeBlockEvenTestId"
      />
      <div
        class="timeBlockOdd MuiBox-root css-0"
        data-testid="TimeBlockOddTestId"
      />
      <div
        class="timeBlockEven MuiBox-root css-0"
        data-testid="TimeBlockEvenTestId"
      />
      <div
        class="timeBlockOdd MuiBox-root css-0"
        data-testid="TimeBlockOddTestId"
      />
      <div
        class="timeBlockEven MuiBox-root css-0"
        data-testid="TimeBlockEvenTestId"
      />
      <div
        class="timeBlockOdd MuiBox-root css-0"
        data-testid="TimeBlockOddTestId"
      />
      <div
        class="timeBlockEven MuiBox-root css-0"
        data-testid="TimeBlockEvenTestId"
      />
      <div
        class="timeBlockOdd MuiBox-root css-0"
        data-testid="TimeBlockOddTestId"
      />
      <div
        class="timeBlockEven MuiBox-root css-0"
        data-testid="TimeBlockEvenTestId"
      />
      <div
        class="timeBlockOdd MuiBox-root css-0"
        data-testid="TimeBlockOddTestId"
      />
      <div
        class="timeBlockEven MuiBox-root css-0"
        data-testid="TimeBlockEvenTestId"
      />
      <div
        class="timeBlockOdd MuiBox-root css-0"
        data-testid="TimeBlockOddTestId"
      />
      <div
        class="timeBlockEven MuiBox-root css-0"
        data-testid="TimeBlockEvenTestId"
      />
      <div
        class="timeBlockOdd MuiBox-root css-0"
        data-testid="TimeBlockOddTestId"
      />
      <div
        class="MuiGrid-root MuiGrid-container css-11lq3yg-MuiGrid-root"
        data-testid="GlobalDayContainerFriday, February 10TestId"
      >
        <div
          class="MuiGrid-root MuiGrid-item MuiGrid-grid-xs-4 css-milk8-MuiGrid-root"
        >
          <button
            class="MuiButtonBase-root MuiButton-root MuiButton-contained MuiButton-containedPrimary MuiButton-sizeMedium MuiButton-containedSizeMedium MuiButton-fullWidth MuiButton-root MuiButton-contained MuiButton-containedPrimary MuiButton-sizeMedium MuiButton-containedSizeMedium MuiButton-fullWidth eventButton css-1fu7jd5-MuiButtonBase-root-MuiButton-root"
            style="min-width: 1px; height: 12.44rem; padding: 0px; background: url(null); background-size: cover; background-position: center; background-repeat: no-repeat; vertical-align: top; text-transform: none;"
            tabindex="0"
            type="button"
          >
            <div
              class="imageEventBlur"
            >
              <div
                class="eventBlockTitleDisplay"
              >
                The test event1
              </div>
            </div>
            <span
              class="MuiTouchRipple-root css-8je8zh-MuiTouchRipple-root"
            />
          </button>
        </div>
        <div
          class="MuiGrid-root MuiGrid-item MuiGrid-grid-xs-4 css-16tva17-MuiGrid-root"
        >
          <button
            class="MuiButtonBase-root MuiButton-root MuiButton-contained MuiButton-containedPrimary MuiButton-sizeMedium MuiButton-containedSizeMedium MuiButton-fullWidth MuiButton-root MuiButton-contained MuiButton-containedPrimary MuiButton-sizeMedium MuiButton-containedSizeMedium MuiButton-fullWidth eventButton css-1fu7jd5-MuiButtonBase-root-MuiButton-root"
            style="min-width: 1px; height: 11.559999999999999rem; padding: 0px; background: url(null); background-size: cover; background-position: center; background-repeat: no-repeat; vertical-align: top; text-transform: none;"
            tabindex="0"
            type="button"
          >
            <div
              class="imageEventBlur"
            >
              <div
                class="eventBlockTitleDisplay"
              >
                The test event2
              </div>
            </div>
            <span
              class="MuiTouchRipple-root css-8je8zh-MuiTouchRipple-root"
            />
          </button>
        </div>
        <div
          class="MuiGrid-root MuiGrid-item MuiGrid-grid-xs-4 css-milk8-MuiGrid-root"
        >
          <button
            class="MuiButtonBase-root MuiButton-root MuiButton-contained MuiButton-containedPrimary MuiButton-sizeMedium MuiButton-containedSizeMedium MuiButton-fullWidth MuiButton-root MuiButton-contained MuiButton-containedPrimary MuiButton-sizeMedium MuiButton-containedSizeMedium MuiButton-fullWidth eventButton css-1fu7jd5-MuiButtonBase-root-MuiButton-root"
            style="min-width: 1px; height: 17.88rem; padding: 0px; background: url(null); background-size: cover; background-position: center; background-repeat: no-repeat; vertical-align: top; text-transform: none;"
            tabindex="0"
            type="button"
          >
            <div
              class="imageEventBlur"
            >
              <div
                class="eventBlockTitleDisplay"
              >
                The test event3
              </div>
            </div>
            <span
              class="MuiTouchRipple-root css-8je8zh-MuiTouchRipple-root"
            />
          </button>
        </div>
      </div>
      <div
        class="MuiGrid-root MuiGrid-container css-11lq3yg-MuiGrid-root"
        data-testid="GlobalDayContainerFriday, February 10TestId"
      >
        <div
          class="MuiGrid-root MuiGrid-item MuiGrid-grid-xs-6 css-kv7o3g-MuiGrid-root"
        >
          <button
            class="MuiButtonBase-root MuiButton-root MuiButton-contained MuiButton-containedPrimary MuiButton-sizeMedium MuiButton-containedSizeMedium MuiButton-fullWidth MuiButton-root MuiButton-contained MuiButton-containedPrimary MuiButton-sizeMedium MuiButton-containedSizeMedium MuiButton-fullWidth eventButton css-1fu7jd5-MuiButtonBase-root-MuiButton-root"
            style="min-width: 1px; height: 12.78rem; padding: 0px; background: url(null); background-size: cover; background-position: center; background-repeat: no-repeat; vertical-align: top; text-transform: none;"
            tabindex="0"
            type="button"
          >
            <div
              class="imageEventBlur"
            >
              <div
                class="eventBlockTitleDisplay"
              >
                The test event4
              </div>
            </div>
            <span
              class="MuiTouchRipple-root css-8je8zh-MuiTouchRipple-root"
            />
          </button>
        </div>
        <div
          class="MuiGrid-root MuiGrid-item MuiGrid-grid-xs-2 css-h36ny6-MuiGrid-root"
        />
        <div
          class="MuiGrid-root MuiGrid-item MuiGrid-grid-xs-4 css-milk8-MuiGrid-root"
        />
      </div>
      <div
        class="MuiGrid-root MuiGrid-container css-11lq3yg-MuiGrid-root"
        data-testid="GlobalDayContainerFriday, February 10TestId"
      >
        <div
          class="MuiGrid-root MuiGrid-item MuiGrid-grid-xs-6 css-kv7o3g-MuiGrid-root"
        />
        <div
          class="MuiGrid-root MuiGrid-item MuiGrid-grid-xs-6 css-xnvskb-MuiGrid-root"
        >
          <button
            class="MuiButtonBase-root MuiButton-root MuiButton-contained MuiButton-containedPrimary MuiButton-sizeMedium MuiButton-containedSizeMedium MuiButton-fullWidth MuiButton-root MuiButton-contained MuiButton-containedPrimary MuiButton-sizeMedium MuiButton-containedSizeMedium MuiButton-fullWidth eventButton css-1fu7jd5-MuiButtonBase-root-MuiButton-root"
            style="min-width: 1px; height: 0.5rem; padding: 0px; background: url(null); background-size: cover; background-position: center; background-repeat: no-repeat; vertical-align: top; text-transform: none;"
            tabindex="0"
            type="button"
          >
            <div
              class="imageEventBlur"
            >
              <div
                class="eventBlockTitleDisplay"
              />
            </div>
            <span
              class="MuiTouchRipple-root css-8je8zh-MuiTouchRipple-root"
            />
          </button>
        </div>
      </div>
    </div>
  </div>,
  "debug": [Function],
  "findAllByAltText": [Function],
  "findAllByDisplayValue": [Function],
  "findAllByLabelText": [Function],
  "findAllByPlaceholderText": [Function],
  "findAllByRole": [Function],
  "findAllByTestId": [Function],
  "findAllByText": [Function],
  "findAllByTitle": [Function],
  "findByAltText": [Function],
  "findByDisplayValue": [Function],
  "findByLabelText": [Function],
  "findByPlaceholderText": [Function],
  "findByRole": [Function],
  "findByTestId": [Function],
  "findByText": [Function],
  "findByTitle": [Function],
  "getAllByAltText": [Function],
  "getAllByDisplayValue": [Function],
  "getAllByLabelText": [Function],
  "getAllByPlaceholderText": [Function],
  "getAllByRole": [Function],
  "getAllByTestId": [Function],
  "getAllByText": [Function],
  "getAllByTitle": [Function],
  "getByAltText": [Function],
  "getByDisplayValue": [Function],
  "getByLabelText": [Function],
  "getByPlaceholderText": [Function],
  "getByRole": [Function],
  "getByTestId": [Function],
  "getByText": [Function],
  "getByTitle": [Function],
  "queryAllByAltText": [Function],
  "queryAllByDisplayValue": [Function],
  "queryAllByLabelText": [Function],
  "queryAllByPlaceholderText": [Function],
  "queryAllByRole": [Function],
  "queryAllByTestId": [Function],
  "queryAllByText": [Function],
  "queryAllByTitle": [Function],
  "queryByAltText": [Function],
  "queryByDisplayValue": [Function],
  "queryByLabelText": [Function],
  "queryByPlaceholderText": [Function],
  "queryByRole": [Function],
  "queryByTestId": [Function],
  "queryByText": [Function],
  "queryByTitle": [Function],
  "rerender": [Function],
  "unmount": [Function],
}
`;
