// Jest Snapshot v1, https://goo.gl/fbAQLP

exports[`<DayInfos /> should display a DayInfos 1`] = `
{
  "asFragment": [Function],
  "baseElement": <body>
    <div>
      <div
        class="blockDisplay"
        data-testid="blockDisplayTestId"
      >
        <div
          class="blankedArea"
          data-testid="blankedAreaTestId"
        />
        <p
          class="timeSlot"
          data-testid="timeSlotTestId 00:00"
        >
          00:00
        </p>
        <p
          class="timeSlot"
          data-testid="timeSlotTestId 02:00"
        >
          02:00
        </p>
        <p
          class="timeSlot"
          data-testid="timeSlotTestId 04:00"
        >
          04:00
        </p>
        <p
          class="timeSlot"
          data-testid="timeSlotTestId 06:00"
        >
          06:00
        </p>
        <p
          class="timeSlot"
          data-testid="timeSlotTestId 08:00"
        >
          08:00
        </p>
        <p
          class="timeSlot"
          data-testid="timeSlotTestId 10:00"
        >
          10:00
        </p>
        <p
          class="timeSlot"
          data-testid="timeSlotTestId 12:00"
        >
          12:00
        </p>
        <p
          class="timeSlot"
          data-testid="timeSlotTestId 14:00"
        >
          14:00
        </p>
        <p
          class="timeSlot"
          data-testid="timeSlotTestId 16:00"
        >
          16:00
        </p>
        <p
          class="timeSlot"
          data-testid="timeSlotTestId 18:00"
        >
          18:00
        </p>
        <p
          class="timeSlot"
          data-testid="timeSlotTestId 20:00"
        >
          20:00
        </p>
        <p
          class="timeSlot"
          data-testid="timeSlotTestId 22:00"
        >
          22:00
        </p>
      </div>
    </div>
  </body>,
  "container": <div>
    <div
      class="blockDisplay"
      data-testid="blockDisplayTestId"
    >
      <div
        class="blankedArea"
        data-testid="blankedAreaTestId"
      />
      <p
        class="timeSlot"
        data-testid="timeSlotTestId 00:00"
      >
        00:00
      </p>
      <p
        class="timeSlot"
        data-testid="timeSlotTestId 02:00"
      >
        02:00
      </p>
      <p
        class="timeSlot"
        data-testid="timeSlotTestId 04:00"
      >
        04:00
      </p>
      <p
        class="timeSlot"
        data-testid="timeSlotTestId 06:00"
      >
        06:00
      </p>
      <p
        class="timeSlot"
        data-testid="timeSlotTestId 08:00"
      >
        08:00
      </p>
      <p
        class="timeSlot"
        data-testid="timeSlotTestId 10:00"
      >
        10:00
      </p>
      <p
        class="timeSlot"
        data-testid="timeSlotTestId 12:00"
      >
        12:00
      </p>
      <p
        class="timeSlot"
        data-testid="timeSlotTestId 14:00"
      >
        14:00
      </p>
      <p
        class="timeSlot"
        data-testid="timeSlotTestId 16:00"
      >
        16:00
      </p>
      <p
        class="timeSlot"
        data-testid="timeSlotTestId 18:00"
      >
        18:00
      </p>
      <p
        class="timeSlot"
        data-testid="timeSlotTestId 20:00"
      >
        20:00
      </p>
      <p
        class="timeSlot"
        data-testid="timeSlotTestId 22:00"
      >
        22:00
      </p>
    </div>
  </div>,
  "debug": [Function],
  "findAllByAltText": [Function],
  "findAllByDisplayValue": [Function],
  "findAllByLabelText": [Function],
  "findAllByPlaceholderText": [Function],
  "findAllByRole": [Function],
  "findAllByTestId": [Function],
  "findAllByText": [Function],
  "findAllByTitle": [Function],
  "findByAltText": [Function],
  "findByDisplayValue": [Function],
  "findByLabelText": [Function],
  "findByPlaceholderText": [Function],
  "findByRole": [Function],
  "findByTestId": [Function],
  "findByText": [Function],
  "findByTitle": [Function],
  "getAllByAltText": [Function],
  "getAllByDisplayValue": [Function],
  "getAllByLabelText": [Function],
  "getAllByPlaceholderText": [Function],
  "getAllByRole": [Function],
  "getAllByTestId": [Function],
  "getAllByText": [Function],
  "getAllByTitle": [Function],
  "getByAltText": [Function],
  "getByDisplayValue": [Function],
  "getByLabelText": [Function],
  "getByPlaceholderText": [Function],
  "getByRole": [Function],
  "getByTestId": [Function],
  "getByText": [Function],
  "getByTitle": [Function],
  "queryAllByAltText": [Function],
  "queryAllByDisplayValue": [Function],
  "queryAllByLabelText": [Function],
  "queryAllByPlaceholderText": [Function],
  "queryAllByRole": [Function],
  "queryAllByTestId": [Function],
  "queryAllByText": [Function],
  "queryAllByTitle": [Function],
  "queryByAltText": [Function],
  "queryByDisplayValue": [Function],
  "queryByLabelText": [Function],
  "queryByPlaceholderText": [Function],
  "queryByRole": [Function],
  "queryByTestId": [Function],
  "queryByText": [Function],
  "queryByTitle": [Function],
  "rerender": [Function],
  "unmount": [Function],
}
`;
